// Jest Snapshot v1, https://goo.gl/fbAQLP

exports[`Root store When created initializes default properties 1`] = `
Object {
  "activeLanguage": "en",
  "addArtists": [Function],
  "addSongIdToPlaylist": [Function],
  "addSongs": [Function],
  "albums": Array [],
  "artists": Array [],
  "avatarUrl": null,
  "currentRouteName": null,
  "currentSongDuration": 0,
  "currentTime": 0,
  "isAuthenticated": false,
  "isPlaying": false,
  "login": [Function],
  "logout": [Function],
  "nowPlayingSongId": null,
  "playLocalFileUrl": "",
  "playlists": Array [
    Object {
      "id": 1,
      "name": "Liked Songs",
      "songIds": Array [
        32861727,
      ],
    },
  ],
  "recommendedAlbumIds": Array [],
  "removeSongIdFromPlaylist": [Function],
  "seekTime": 0,
  "setAlbums": [Function],
  "setArtist": [Function],
  "setArtists": [Function],
  "setAvatarUrl": [Function],
  "setCurrentRouteName": [Function],
  "setCurrentTime": [Function],
  "setIsPlaying": [Function],
  "setPlayLocalFileUrl": [Function],
  "setPlaySongById": [Function],
  "setPlaylists": [Function],
  "setRecommendedAlbumIds": [Function],
  "setSeekTime": [Function],
  "setSongDuration": [Function],
  "setSongIdsToPlay": [Function],
  "setSongs": [Function],
  "setUserName": [Function],
  "setVolumePercent": [Function],
  "songIdsToPlay": Array [],
  "songs": Array [],
  "userName": "",
  "volumePercent": 40,
}
`;
